[     413ms] [INFO] %cDownload the React DevTools for a better development experience: https://react.dev/link/react-devtools font-weight:bold @ webpack-internal:///(app-pages-browser)/./node_modules/next/dist/next-devtools/shared/forward-logs-shared.js:27
[     447ms] [LOG] [HMR] connected @ webpack-internal:///(app-pages-browser)/./node_modules/next/dist/next-devtools/shared/forward-logs-shared.js:27
[     509ms] [LOG] %cHey, you're inspecting. I like that. font-size:14px;font-weight:600;color:#8ab4ff; @ webpack-internal:///(app-pages-browser)/./node_modules/next/dist/next-devtools/shared/forward-logs-shared.js:27
[     509ms] [LOG] %cThis portfolio is built with Next.js, React 19, and Tailwind v4.
The motion layer uses CSS scroll-driven animations and anime.js.
If you want to talk about how any of it works: ashim238@newschool.edu font-size:12px;color:#c4c4c4; @ webpack-internal:///(app-pages-browser)/./node_modules/next/dist/next-devtools/shared/forward-logs-shared.js:27
[    3565ms] [WARNING] The resource http://localhost:56321/_next/static/media/7d4881bb7e1bf84d-s.p.woff2?v=1786025089859 was preloaded using link preload but not used within a few seconds from the window's load event. Please make sure it has an appropriate `as` value and it is preloaded intentionally. @ http://localhost:56321/work/tiktok:0
[    3565ms] [WARNING] The resource http://localhost:56321/_next/static/media/26d0ba92e140f0dc-s.p.woff2?v=1786025089859 was preloaded using link preload but not used within a few seconds from the window's load event. Please make sure it has an appropriate `as` value and it is preloaded intentionally. @ http://localhost:56321/work/tiktok:0
[   14449ms] [WARNING] Image with src "/projects/tiktok/system/dopamine.webp" was detected as the Largest Contentful Paint (LCP). Please add the `loading="eager"` property if this image is above the fold.
Read more: https://nextjs.org/docs/app/api-reference/components/image#loading @ webpack-internal:///(app-pages-browser)/./node_modules/next/dist/next-devtools/shared/forward-logs-shared.js:27
[   17457ms] [WARNING] The resource http://localhost:56321/_next/static/media/7d4881bb7e1bf84d-s.p.woff2?v=1786025089859 was preloaded using link preload but not used within a few seconds from the window's load event. Please make sure it has an appropriate `as` value and it is preloaded intentionally. @ http://localhost:56321/work/tiktok:0
[   17457ms] [WARNING] The resource http://localhost:56321/_next/static/media/26d0ba92e140f0dc-s.p.woff2?v=1786025089859 was preloaded using link preload but not used within a few seconds from the window's load event. Please make sure it has an appropriate `as` value and it is preloaded intentionally. @ http://localhost:56321/work/tiktok:0
[   61589ms] [LOG] [Fast Refresh] rebuilding @ webpack-internal:///(app-pages-browser)/./node_modules/next/dist/next-devtools/shared/forward-logs-shared.js:27
[   61958ms] [LOG] [Fast Refresh] done in 370ms @ webpack-internal:///(app-pages-browser)/./node_modules/next/dist/next-devtools/shared/forward-logs-shared.js:27
[   65015ms] [WARNING] The resource http://localhost:56321/_next/static/media/7d4881bb7e1bf84d-s.p.woff2?v=1786025089859 was preloaded using link preload but not used within a few seconds from the window's load event. Please make sure it has an appropriate `as` value and it is preloaded intentionally. @ http://localhost:56321/work/tiktok:0
[   65015ms] [WARNING] The resource http://localhost:56321/_next/static/media/26d0ba92e140f0dc-s.p.woff2?v=1786025089859 was preloaded using link preload but not used within a few seconds from the window's load event. Please make sure it has an appropriate `as` value and it is preloaded intentionally. @ http://localhost:56321/work/tiktok:0
[   76926ms] [LOG] [Fast Refresh] rebuilding @ webpack-internal:///(app-pages-browser)/./node_modules/next/dist/next-devtools/shared/forward-logs-shared.js:27
[   77251ms] [LOG] [Fast Refresh] done in 325ms @ webpack-internal:///(app-pages-browser)/./node_modules/next/dist/next-devtools/shared/forward-logs-shared.js:27
[   80322ms] [WARNING] The resource http://localhost:56321/_next/static/media/7d4881bb7e1bf84d-s.p.woff2?v=1786025089859 was preloaded using link preload but not used within a few seconds from the window's load event. Please make sure it has an appropriate `as` value and it is preloaded intentionally. @ http://localhost:56321/work/tiktok:0
[   80322ms] [WARNING] The resource http://localhost:56321/_next/static/media/26d0ba92e140f0dc-s.p.woff2?v=1786025089859 was preloaded using link preload but not used within a few seconds from the window's load event. Please make sure it has an appropriate `as` value and it is preloaded intentionally. @ http://localhost:56321/work/tiktok:0
