[      66ms] [ERROR] Failed to load resource: the server responded with a status of 500 (Internal Server Error) @ http://localhost:56316/:0
[     138ms] [ERROR] Refused to execute script from 'http://localhost:56316/_next/static/development/_clientMiddlewareManifest.js' because its MIME type ('application/json') is not executable, and strict MIME type checking is enabled. @ http://localhost:56316/:0
[     162ms] [INFO] %cDownload the React DevTools for a better development experience: https://react.dev/link/react-devtools font-weight:bold @ http://localhost:56316/_next/static/chunks/0-64_react-dom_0cvgekm._.js:15305
[     199ms] Error: ./.worktrees/myles-97-implementation/src/app/globals.css
Error evaluating Node.js code
CssSyntaxError: tailwindcss: /Users/mylesashitey/myles-portfolio-migration/.worktrees/myles-97-implementation/src/app/globals.css:1:1: Can't resolve './styles/document-reader.css' in '/Users/mylesashitey/myles-portfolio-migration/.worktrees/myles-97-implementation/src/app'
    [at Input.error (turbopack:///[project]/.worktrees/myles-97-implementation/node_modules/postcss/lib/input.js:135:16)]
    [at Root.error (turbopack:///[project]/.worktrees/myles-97-implementation/node_modules/postcss/lib/node.js:146:32)]
    [at Object.Once (/Users/mylesashitey/myles-portfolio-migration/.worktrees/myles-97-implementation/node_modules/@tailwindcss/postcss/dist/index.js:10:6913)]
    [at process.processTicksAndRejections (node:internal/process/task_queues:104:5)]
    [at async LazyResult.runAsync (turbopack:///[project]/.worktrees/myles-97-implementation/node_modules/postcss/lib/lazy-result.js:293:11)]
    [at async transform (turbopack:///[turbopack-node]/transforms/postcss.ts:70:34)]
    [at async run (turbopack:///[turbopack-node]/child_process/evaluate.ts:89:23)]

Import trace:
  Client Component Browser:
    ./.worktrees/myles-97-implementation/src/app/globals.css [Client Component Browser]
    ./.worktrees/myles-97-implementation/src/app/layout.tsx [Server Component]


    at Object.getCompilationErrors (file:///Users/mylesashitey/myles-portfolio-migration/.worktrees/myles-97-implementation/node_modules/next/dist/server/dev/hot-reloader-turbopack.js:1186:59)
    at DevBundlerService.getCompilationError (file:///Users/mylesashitey/myles-portfolio-migration/.worktrees/myles-97-implementation/node_modules/next/dist/server/lib/dev-bundler-service.js:44:55)
    at DevServer.getCompilationError (file:///Users/mylesashitey/myles-portfolio-migration/.worktrees/myles-97-implementation/node_modules/next/dist/server/dev/next-dev-server.js:720:42)
    at DevServer.findPageComponents (file:///Users/mylesashitey/myles-portfolio-migration/.worktrees/myles-97-implementation/node_modules/next/dist/server/dev/next-dev-server.js:690:43)
    at async DevServer.renderErrorToResponseImpl (file:///Users/mylesashitey/myles-portfolio-migration/.worktrees/myles-97-implementation/node_modules/next/dist/server/base-server.js:1753:26)
[     194ms] [LOG] [HMR] connected @ http://localhost:56316/_next/static/chunks/0-64_next_dist_029ds7x._.js:1226
[     200ms] [ERROR] ./.worktrees/myles-97-implementation/src/app/globals.css
Error evaluating Node.js code
CssSyntaxError: tailwindcss: /Users/mylesashitey/myles-portfolio-migration/.worktrees/myles-97-implementation/src/app/globals.css:1:1: Can't resolve './styles/document-reader.css' in '/Users/mylesashitey/myles-portfolio-migration/.worktrees/myles-97-implementation/src/app'
    [at Input.error (turbopack:///[project]/.worktrees/myles-97-implementation/node_modules/postcss/lib/input.js:135:16)]
    [at Root.error (turbopack:///[project]/.worktrees/myles-97-implementation/node_modules/postcss/lib/node.js:146:32)]
    [at Object.Once (/Users/mylesashitey/myles-portfolio-migration/.worktrees/myles-97-implementation/node_modules/@tailwindcss/postcss/dist/index.js:10:6913)]
    [at process.processTicksAndRejections (node:internal/process/task_queues:104:5)]
    [at async LazyResult.runAsync (turbopack:///[project]/.worktrees/myles-97-implementation/node_modules/postcss/lib/lazy-result.js:293:11)]
    [at async transform (turbopack:///[turbopack-node]/transforms/postcss.ts:70:34)]
    [at async run (turbopack:///[turbopack-node]/child_process/evaluate.ts:89:23)]

Import trace:
  Client Component Browser:
    ./.worktrees/myles-97-implementation/src/app/globals.css [Client Component Browser]
    ./.worktrees/myles-97-implementation/src/app/layout.tsx [Server Component] @ http://localhost:56316/_next/static/chunks/0-64_next_dist_029ds7x._.js:1945
[     200ms] [ERROR] ./.worktrees/myles-97-implementation/src/app/globals.css
Error evaluating Node.js code
CssSyntaxError: tailwindcss: /Users/mylesashitey/myles-portfolio-migration/.worktrees/myles-97-implementation/src/app/globals.css:1:1: Can't resolve './styles/document-reader.css' in '/Users/mylesashitey/myles-portfolio-migration/.worktrees/myles-97-implementation/src/app'
    [at Input.error (turbopack:///[project]/.worktrees/myles-97-implementation/node_modules/postcss/lib/input.js:135:16)]
    [at Root.error (turbopack:///[project]/.worktrees/myles-97-implementation/node_modules/postcss/lib/node.js:146:32)]
    [at Object.Once (/Users/mylesashitey/myles-portfolio-migration/.worktrees/myles-97-implementation/node_modules/@tailwindcss/postcss/dist/index.js:10:6913)]
    [at process.processTicksAndRejections (node:internal/process/task_queues:104:5)]
    [at async LazyResult.runAsync (turbopack:///[project]/.worktrees/myles-97-implementation/node_modules/postcss/lib/lazy-result.js:293:11)]
    [at async transform (turbopack:///[turbopack-node]/transforms/postcss.ts:70:34)]
    [at async run (turbopack:///[turbopack-node]/child_process/evaluate.ts:89:23)]

Import trace:
  Client Component Browser:
    ./.worktrees/myles-97-implementation/src/app/globals.css [Client Component Browser]
    ./.worktrees/myles-97-implementation/src/app/layout.tsx [Server Component] @ http://localhost:56316/_next/static/chunks/0-64_next_dist_029ds7x._.js:1945
[     200ms] [ERROR] ./.worktrees/myles-97-implementation/src/app/globals.css
Error evaluating Node.js code
CssSyntaxError: tailwindcss: /Users/mylesashitey/myles-portfolio-migration/.worktrees/myles-97-implementation/src/app/globals.css:1:1: Can't resolve './styles/document-reader.css' in '/Users/mylesashitey/myles-portfolio-migration/.worktrees/myles-97-implementation/src/app'
    [at Input.error (turbopack:///[project]/.worktrees/myles-97-implementation/node_modules/postcss/lib/input.js:135:16)]
    [at Root.error (turbopack:///[project]/.worktrees/myles-97-implementation/node_modules/postcss/lib/node.js:146:32)]
    [at Object.Once (/Users/mylesashitey/myles-portfolio-migration/.worktrees/myles-97-implementation/node_modules/@tailwindcss/postcss/dist/index.js:10:6913)]
    [at process.processTicksAndRejections (node:internal/process/task_queues:104:5)]
    [at async LazyResult.runAsync (turbopack:///[project]/.worktrees/myles-97-implementation/node_modules/postcss/lib/lazy-result.js:293:11)]
    [at async transform (turbopack:///[turbopack-node]/transforms/postcss.ts:70:34)]
    [at async run (turbopack:///[turbopack-node]/child_process/evaluate.ts:89:23)]

Import trace:
  Client Component Browser:
    ./.worktrees/myles-97-implementation/src/app/globals.css [Client Component Browser]
    ./.worktrees/myles-97-implementation/src/app/layout.tsx [Server Component] @ http://localhost:56316/_next/static/chunks/0-64_next_dist_029ds7x._.js:1945
[     200ms] [ERROR] ./.worktrees/myles-97-implementation/src/app/globals.css
Error evaluating Node.js code
CssSyntaxError: tailwindcss: /Users/mylesashitey/myles-portfolio-migration/.worktrees/myles-97-implementation/src/app/globals.css:1:1: Can't resolve './styles/document-reader.css' in '/Users/mylesashitey/myles-portfolio-migration/.worktrees/myles-97-implementation/src/app'
    [at Input.error (turbopack:///[project]/.worktrees/myles-97-implementation/node_modules/postcss/lib/input.js:135:16)]
    [at Root.error (turbopack:///[project]/.worktrees/myles-97-implementation/node_modules/postcss/lib/node.js:146:32)]
    [at Object.Once (/Users/mylesashitey/myles-portfolio-migration/.worktrees/myles-97-implementation/node_modules/@tailwindcss/postcss/dist/index.js:10:6913)]
    [at process.processTicksAndRejections (node:internal/process/task_queues:104:5)]
    [at async LazyResult.runAsync (turbopack:///[project]/.worktrees/myles-97-implementation/node_modules/postcss/lib/lazy-result.js:293:11)]
    [at async transform (turbopack:///[turbopack-node]/transforms/postcss.ts:70:34)]
    [at async run (turbopack:///[turbopack-node]/child_process/evaluate.ts:89:23)]

Import trace:
  Client Component Browser:
    ./.worktrees/myles-97-implementation/src/app/globals.css [Client Component Browser]
    ./.worktrees/myles-97-implementation/src/app/layout.tsx [Server Component] @ http://localhost:56316/_next/static/chunks/0-64_next_dist_029ds7x._.js:1945
[     201ms] [ERROR] ./.worktrees/myles-97-implementation/src/app/globals.css
Error evaluating Node.js code
CssSyntaxError: tailwindcss: /Users/mylesashitey/myles-portfolio-migration/.worktrees/myles-97-implementation/src/app/globals.css:1:1: Can't resolve './styles/document-reader.css' in '/Users/mylesashitey/myles-portfolio-migration/.worktrees/myles-97-implementation/src/app'
    [at Input.error (turbopack:///[project]/.worktrees/myles-97-implementation/node_modules/postcss/lib/input.js:135:16)]
    [at Root.error (turbopack:///[project]/.worktrees/myles-97-implementation/node_modules/postcss/lib/node.js:146:32)]
    [at Object.Once (/Users/mylesashitey/myles-portfolio-migration/.worktrees/myles-97-implementation/node_modules/@tailwindcss/postcss/dist/index.js:10:6913)]
    [at process.processTicksAndRejections (node:internal/process/task_queues:104:5)]
    [at async LazyResult.runAsync (turbopack:///[project]/.worktrees/myles-97-implementation/node_modules/postcss/lib/lazy-result.js:293:11)]
    [at async transform (turbopack:///[turbopack-node]/transforms/postcss.ts:70:34)]
    [at async run (turbopack:///[turbopack-node]/child_process/evaluate.ts:89:23)]

Import trace:
  Client Component Browser:
    ./.worktrees/myles-97-implementation/src/app/globals.css [Client Component Browser]
    ./.worktrees/myles-97-implementation/src/app/layout.tsx [Server Component] @ http://localhost:56316/_next/static/chunks/0-64_next_dist_029ds7x._.js:1945
[     201ms] [ERROR] ./.worktrees/myles-97-implementation/src/app/globals.css
Error evaluating Node.js code
CssSyntaxError: tailwindcss: /Users/mylesashitey/myles-portfolio-migration/.worktrees/myles-97-implementation/src/app/globals.css:1:1: Can't resolve './styles/document-reader.css' in '/Users/mylesashitey/myles-portfolio-migration/.worktrees/myles-97-implementation/src/app'
    [at Input.error (turbopack:///[project]/.worktrees/myles-97-implementation/node_modules/postcss/lib/input.js:135:16)]
    [at Root.error (turbopack:///[project]/.worktrees/myles-97-implementation/node_modules/postcss/lib/node.js:146:32)]
    [at Object.Once (/Users/mylesashitey/myles-portfolio-migration/.worktrees/myles-97-implementation/node_modules/@tailwindcss/postcss/dist/index.js:10:6913)]
    [at process.processTicksAndRejections (node:internal/process/task_queues:104:5)]
    [at async LazyResult.runAsync (turbopack:///[project]/.worktrees/myles-97-implementation/node_modules/postcss/lib/lazy-result.js:293:11)]
    [at async transform (turbopack:///[turbopack-node]/transforms/postcss.ts:70:34)]
    [at async run (turbopack:///[turbopack-node]/child_process/evaluate.ts:89:23)]

Import trace:
  Client Component Browser:
    ./.worktrees/myles-97-implementation/src/app/globals.css [Client Component Browser]
    ./.worktrees/myles-97-implementation/src/app/layout.tsx [Server Component] @ http://localhost:56316/_next/static/chunks/0-64_next_dist_029ds7x._.js:1945
[     201ms] [ERROR] ./.worktrees/myles-97-implementation/src/app/globals.css
Error evaluating Node.js code
CssSyntaxError: tailwindcss: /Users/mylesashitey/myles-portfolio-migration/.worktrees/myles-97-implementation/src/app/globals.css:1:1: Can't resolve './styles/document-reader.css' in '/Users/mylesashitey/myles-portfolio-migration/.worktrees/myles-97-implementation/src/app'
    [at Input.error (turbopack:///[project]/.worktrees/myles-97-implementation/node_modules/postcss/lib/input.js:135:16)]
    [at Root.error (turbopack:///[project]/.worktrees/myles-97-implementation/node_modules/postcss/lib/node.js:146:32)]
    [at Object.Once (/Users/mylesashitey/myles-portfolio-migration/.worktrees/myles-97-implementation/node_modules/@tailwindcss/postcss/dist/index.js:10:6913)]
    [at process.processTicksAndRejections (node:internal/process/task_queues:104:5)]
    [at async LazyResult.runAsync (turbopack:///[project]/.worktrees/myles-97-implementation/node_modules/postcss/lib/lazy-result.js:293:11)]
    [at async transform (turbopack:///[turbopack-node]/transforms/postcss.ts:70:34)]
    [at async run (turbopack:///[turbopack-node]/child_process/evaluate.ts:89:23)]

Import trace:
  Client Component Browser:
    ./.worktrees/myles-97-implementation/src/app/globals.css [Client Component Browser]
    ./.worktrees/myles-97-implementation/src/app/layout.tsx [Server Component] @ http://localhost:56316/_next/static/chunks/0-64_next_dist_029ds7x._.js:1945
[     201ms] [ERROR] ./.worktrees/myles-97-implementation/src/app/globals.css
Error evaluating Node.js code
CssSyntaxError: tailwindcss: /Users/mylesashitey/myles-portfolio-migration/.worktrees/myles-97-implementation/src/app/globals.css:1:1: Can't resolve './styles/document-reader.css' in '/Users/mylesashitey/myles-portfolio-migration/.worktrees/myles-97-implementation/src/app'
    [at Input.error (turbopack:///[project]/.worktrees/myles-97-implementation/node_modules/postcss/lib/input.js:135:16)]
    [at Root.error (turbopack:///[project]/.worktrees/myles-97-implementation/node_modules/postcss/lib/node.js:146:32)]
    [at Object.Once (/Users/mylesashitey/myles-portfolio-migration/.worktrees/myles-97-implementation/node_modules/@tailwindcss/postcss/dist/index.js:10:6913)]
    [at process.processTicksAndRejections (node:internal/process/task_queues:104:5)]
    [at async LazyResult.runAsync (turbopack:///[project]/.worktrees/myles-97-implementation/node_modules/postcss/lib/lazy-result.js:293:11)]
    [at async transform (turbopack:///[turbopack-node]/transforms/postcss.ts:70:34)]
    [at async run (turbopack:///[turbopack-node]/child_process/evaluate.ts:89:23)]

Import trace:
  Client Component Browser:
    ./.worktrees/myles-97-implementation/src/app/globals.css [Client Component Browser]
    ./.worktrees/myles-97-implementation/src/app/layout.tsx [Server Component] @ http://localhost:56316/_next/static/chunks/0-64_next_dist_029ds7x._.js:1945
[     252ms] [ERROR] ./.worktrees/myles-97-implementation/src/app/globals.css
Error evaluating Node.js code
CssSyntaxError: tailwindcss: /Users/mylesashitey/myles-portfolio-migration/.worktrees/myles-97-implementation/src/app/globals.css:1:1: Can't resolve './styles/document-reader.css' in '/Users/mylesashitey/myles-portfolio-migration/.worktrees/myles-97-implementation/src/app'
    [at Input.error (turbopack:///[project]/.worktrees/myles-97-implementation/node_modules/postcss/lib/input.js:135:16)]
    [at Root.error (turbopack:///[project]/.worktrees/myles-97-implementation/node_modules/postcss/lib/node.js:146:32)]
    [at Object.Once (/Users/mylesashitey/myles-portfolio-migration/.worktrees/myles-97-implementation/node_modules/@tailwindcss/postcss/dist/index.js:10:6913)]
    [at process.processTicksAndRejections (node:internal/process/task_queues:104:5)]
    [at async LazyResult.runAsync (turbopack:///[project]/.worktrees/myles-97-implementation/node_modules/postcss/lib/lazy-result.js:293:11)]
    [at async transform (turbopack:///[turbopack-node]/transforms/postcss.ts:70:34)]
    [at async run (turbopack:///[turbopack-node]/child_process/evaluate.ts:89:23)]

Import trace:
  Client Component Browser:
    ./.worktrees/myles-97-implementation/src/app/globals.css [Client Component Browser]
    ./.worktrees/myles-97-implementation/src/app/layout.tsx [Server Component] @ http://localhost:56316/_next/static/chunks/0-64_next_dist_029ds7x._.js:1945
[     273ms] [ERROR] ./.worktrees/myles-97-implementation/src/app/globals.css
Error evaluating Node.js code
CssSyntaxError: tailwindcss: /Users/mylesashitey/myles-portfolio-migration/.worktrees/myles-97-implementation/src/app/globals.css:1:1: Can't resolve './styles/document-reader.css' in '/Users/mylesashitey/myles-portfolio-migration/.worktrees/myles-97-implementation/src/app'
    [at Input.error (turbopack:///[project]/.worktrees/myles-97-implementation/node_modules/postcss/lib/input.js:135:16)]
    [at Root.error (turbopack:///[project]/.worktrees/myles-97-implementation/node_modules/postcss/lib/node.js:146:32)]
    [at Object.Once (/Users/mylesashitey/myles-portfolio-migration/.worktrees/myles-97-implementation/node_modules/@tailwindcss/postcss/dist/index.js:10:6913)]
    [at process.processTicksAndRejections (node:internal/process/task_queues:104:5)]
    [at async LazyResult.runAsync (turbopack:///[project]/.worktrees/myles-97-implementation/node_modules/postcss/lib/lazy-result.js:293:11)]
    [at async transform (turbopack:///[turbopack-node]/transforms/postcss.ts:70:34)]
    [at async run (turbopack:///[turbopack-node]/child_process/evaluate.ts:89:23)]

Import trace:
  Client Component Browser:
    ./.worktrees/myles-97-implementation/src/app/globals.css [Client Component Browser]
    ./.worktrees/myles-97-implementation/src/app/layout.tsx [Server Component] @ http://localhost:56316/_next/static/chunks/0-64_next_dist_029ds7x._.js:1945
[     354ms] [LOG] [Fast Refresh] rebuilding @ http://localhost:56316/_next/static/chunks/0-64_next_dist_029ds7x._.js:1226
[   20553ms] [ERROR] WebSocket connection to 'ws://localhost:56316/_next/webpack-hmr' failed: Error in connection establishment: net::ERR_CONNECTION_REFUSED @ http://localhost:56316/_next/static/chunks/0-64_next_dist_client_0sri6vb._.js:2343
[   21558ms] [ERROR] WebSocket connection to 'ws://localhost:56316/_next/webpack-hmr' failed: Error in connection establishment: net::ERR_CONNECTION_REFUSED @ http://localhost:56316/_next/static/chunks/0-64_next_dist_client_0sri6vb._.js:2343
[   22563ms] [ERROR] WebSocket connection to 'ws://localhost:56316/_next/webpack-hmr' failed: Error in connection establishment: net::ERR_CONNECTION_REFUSED @ http://localhost:56316/_next/static/chunks/0-64_next_dist_client_0sri6vb._.js:2343
[   23568ms] [ERROR] WebSocket connection to 'ws://localhost:56316/_next/webpack-hmr' failed: Error in connection establishment: net::ERR_CONNECTION_REFUSED @ http://localhost:56316/_next/static/chunks/0-64_next_dist_client_0sri6vb._.js:2343
[   24575ms] [ERROR] WebSocket connection to 'ws://localhost:56316/_next/webpack-hmr' failed: Error in connection establishment: net::ERR_CONNECTION_REFUSED @ http://localhost:56316/_next/static/chunks/0-64_next_dist_client_0sri6vb._.js:2343
[   29578ms] [ERROR] WebSocket connection to 'ws://localhost:56316/_next/webpack-hmr' failed: Error in connection establishment: net::ERR_CONNECTION_REFUSED @ http://localhost:56316/_next/static/chunks/0-64_next_dist_client_0sri6vb._.js:2343
[   34582ms] [ERROR] WebSocket connection to 'ws://localhost:56316/_next/webpack-hmr' failed: Error in connection establishment: net::ERR_CONNECTION_REFUSED @ http://localhost:56316/_next/static/chunks/0-64_next_dist_client_0sri6vb._.js:2343
