[     768ms] [INFO] %cDownload the React DevTools for a better development experience: https://react.dev/link/react-devtools font-weight:bold @ webpack-internal:///(app-pages-browser)/./node_modules/next/dist/next-devtools/shared/forward-logs-shared.js:27
[     817ms] [LOG] [HMR] connected @ webpack-internal:///(app-pages-browser)/./node_modules/next/dist/next-devtools/shared/forward-logs-shared.js:27
[     873ms] [LOG] %cHey, you're inspecting. I like that. font-size:14px;font-weight:600;color:#8ab4ff; @ webpack-internal:///(app-pages-browser)/./node_modules/next/dist/next-devtools/shared/forward-logs-shared.js:27
[     873ms] [LOG] %cThis portfolio is built with Next.js, React 19, and Tailwind v4.
The motion layer uses CSS scroll-driven animations and anime.js.
If you want to talk about how any of it works: ashim238@newschool.edu font-size:12px;color:#c4c4c4; @ webpack-internal:///(app-pages-browser)/./node_modules/next/dist/next-devtools/shared/forward-logs-shared.js:27
[     960ms] [WARNING] Image with src "/projects/fresh-greens/cover.png" was detected as the Largest Contentful Paint (LCP). Please add the `loading="eager"` property if this image is above the fold.
Read more: https://nextjs.org/docs/app/api-reference/components/image#loading @ webpack-internal:///(app-pages-browser)/./node_modules/next/dist/next-devtools/shared/forward-logs-shared.js:27
[    4078ms] [WARNING] The resource http://localhost:56317/_next/static/media/26d0ba92e140f0dc-s.p.woff2?v=1785983317564 was preloaded using link preload but not used within a few seconds from the window's load event. Please make sure it has an appropriate `as` value and it is preloaded intentionally. @ http://localhost:56317/:0
[    4078ms] [WARNING] The resource http://localhost:56317/_next/static/media/7d4881bb7e1bf84d-s.p.woff2?v=1785983317564 was preloaded using link preload but not used within a few seconds from the window's load event. Please make sure it has an appropriate `as` value and it is preloaded intentionally. @ http://localhost:56317/:0
[   51594ms] [WARNING] The resource http://localhost:56317/_next/static/media/26d0ba92e140f0dc-s.p.woff2?v=1785983317564 was preloaded using link preload but not used within a few seconds from the window's load event. Please make sure it has an appropriate `as` value and it is preloaded intentionally. @ http://localhost:56317/:0
[   51594ms] [WARNING] The resource http://localhost:56317/_next/static/media/7d4881bb7e1bf84d-s.p.woff2?v=1785983317564 was preloaded using link preload but not used within a few seconds from the window's load event. Please make sure it has an appropriate `as` value and it is preloaded intentionally. @ http://localhost:56317/:0
[   93261ms] [LOG] [Fast Refresh] rebuilding @ webpack-internal:///(app-pages-browser)/./node_modules/next/dist/next-devtools/shared/forward-logs-shared.js:27
[   93473ms] [LOG] [Fast Refresh] done in 212ms @ webpack-internal:///(app-pages-browser)/./node_modules/next/dist/next-devtools/shared/forward-logs-shared.js:27
[   96496ms] [WARNING] The resource http://localhost:56317/_next/static/media/26d0ba92e140f0dc-s.p.woff2?v=1785983317564 was preloaded using link preload but not used within a few seconds from the window's load event. Please make sure it has an appropriate `as` value and it is preloaded intentionally. @ http://localhost:56317/:0
[   96496ms] [WARNING] The resource http://localhost:56317/_next/static/media/7d4881bb7e1bf84d-s.p.woff2?v=1785983317564 was preloaded using link preload but not used within a few seconds from the window's load event. Please make sure it has an appropriate `as` value and it is preloaded intentionally. @ http://localhost:56317/:0
[  130537ms] [LOG] [Fast Refresh] rebuilding @ webpack-internal:///(app-pages-browser)/./node_modules/next/dist/next-devtools/shared/forward-logs-shared.js:27
[  130666ms] [LOG] [Fast Refresh] done in 130ms @ webpack-internal:///(app-pages-browser)/./node_modules/next/dist/next-devtools/shared/forward-logs-shared.js:27
[  133680ms] [WARNING] The resource http://localhost:56317/_next/static/media/26d0ba92e140f0dc-s.p.woff2?v=1785983317564 was preloaded using link preload but not used within a few seconds from the window's load event. Please make sure it has an appropriate `as` value and it is preloaded intentionally. @ http://localhost:56317/:0
[  133680ms] [WARNING] The resource http://localhost:56317/_next/static/media/7d4881bb7e1bf84d-s.p.woff2?v=1785983317564 was preloaded using link preload but not used within a few seconds from the window's load event. Please make sure it has an appropriate `as` value and it is preloaded intentionally. @ http://localhost:56317/:0
[  156168ms] [LOG] [Fast Refresh] rebuilding @ webpack-internal:///(app-pages-browser)/./node_modules/next/dist/next-devtools/shared/forward-logs-shared.js:27
[  156634ms] [LOG] [Fast Refresh] done in 466ms @ webpack-internal:///(app-pages-browser)/./node_modules/next/dist/next-devtools/shared/forward-logs-shared.js:27
[  159648ms] [WARNING] The resource http://localhost:56317/_next/static/media/26d0ba92e140f0dc-s.p.woff2?v=1785983317564 was preloaded using link preload but not used within a few seconds from the window's load event. Please make sure it has an appropriate `as` value and it is preloaded intentionally. @ http://localhost:56317/:0
[  159648ms] [WARNING] The resource http://localhost:56317/_next/static/media/7d4881bb7e1bf84d-s.p.woff2?v=1785983317564 was preloaded using link preload but not used within a few seconds from the window's load event. Please make sure it has an appropriate `as` value and it is preloaded intentionally. @ http://localhost:56317/:0
[  177716ms] [WARNING] The resource http://localhost:56317/_next/static/media/26d0ba92e140f0dc-s.p.woff2?v=1785983317564 was preloaded using link preload but not used within a few seconds from the window's load event. Please make sure it has an appropriate `as` value and it is preloaded intentionally. @ http://localhost:56317/:0
[  177716ms] [WARNING] The resource http://localhost:56317/_next/static/media/7d4881bb7e1bf84d-s.p.woff2?v=1785983317564 was preloaded using link preload but not used within a few seconds from the window's load event. Please make sure it has an appropriate `as` value and it is preloaded intentionally. @ http://localhost:56317/:0
[  545231ms] [LOG] [Fast Refresh] rebuilding @ webpack-internal:///(app-pages-browser)/./node_modules/next/dist/next-devtools/shared/forward-logs-shared.js:27
[  545406ms] [LOG] [Fast Refresh] rebuilding @ webpack-internal:///(app-pages-browser)/./node_modules/next/dist/next-devtools/shared/forward-logs-shared.js:27
[  545461ms] [LOG] [Fast Refresh] done in 55ms @ webpack-internal:///(app-pages-browser)/./node_modules/next/dist/next-devtools/shared/forward-logs-shared.js:27
[  545562ms] [LOG] [Fast Refresh] rebuilding @ webpack-internal:///(app-pages-browser)/./node_modules/next/dist/next-devtools/shared/forward-logs-shared.js:27
[  545602ms] [LOG] [Fast Refresh] done in 41ms @ webpack-internal:///(app-pages-browser)/./node_modules/next/dist/next-devtools/shared/forward-logs-shared.js:27
[  545718ms] [LOG] [Fast Refresh] done in 156ms @ webpack-internal:///(app-pages-browser)/./node_modules/next/dist/next-devtools/shared/forward-logs-shared.js:27
[  545743ms] [LOG] [Fast Refresh] rebuilding @ webpack-internal:///(app-pages-browser)/./node_modules/next/dist/next-devtools/shared/forward-logs-shared.js:27
[  545857ms] [LOG] [Fast Refresh] done in 114ms @ webpack-internal:///(app-pages-browser)/./node_modules/next/dist/next-devtools/shared/forward-logs-shared.js:27
[  545894ms] [LOG] [Fast Refresh] rebuilding @ webpack-internal:///(app-pages-browser)/./node_modules/next/dist/next-devtools/shared/forward-logs-shared.js:27
[  546001ms] [LOG] [Fast Refresh] done in 106ms @ webpack-internal:///(app-pages-browser)/./node_modules/next/dist/next-devtools/shared/forward-logs-shared.js:27
[  549016ms] [WARNING] The resource http://localhost:56317/_next/static/media/26d0ba92e140f0dc-s.p.woff2?v=1785983317564 was preloaded using link preload but not used within a few seconds from the window's load event. Please make sure it has an appropriate `as` value and it is preloaded intentionally. @ http://localhost:56317/:0
[  549017ms] [WARNING] The resource http://localhost:56317/_next/static/media/7d4881bb7e1bf84d-s.p.woff2?v=1785983317564 was preloaded using link preload but not used within a few seconds from the window's load event. Please make sure it has an appropriate `as` value and it is preloaded intentionally. @ http://localhost:56317/:0
[  559946ms] [LOG] [Fast Refresh] rebuilding @ webpack-internal:///(app-pages-browser)/./node_modules/next/dist/next-devtools/shared/forward-logs-shared.js:27
[  560095ms] [LOG] [Fast Refresh] done in 149ms @ webpack-internal:///(app-pages-browser)/./node_modules/next/dist/next-devtools/shared/forward-logs-shared.js:27
[  563112ms] [WARNING] The resource http://localhost:56317/_next/static/media/26d0ba92e140f0dc-s.p.woff2?v=1785983317564 was preloaded using link preload but not used within a few seconds from the window's load event. Please make sure it has an appropriate `as` value and it is preloaded intentionally. @ http://localhost:56317/:0
[  563113ms] [WARNING] The resource http://localhost:56317/_next/static/media/7d4881bb7e1bf84d-s.p.woff2?v=1785983317564 was preloaded using link preload but not used within a few seconds from the window's load event. Please make sure it has an appropriate `as` value and it is preloaded intentionally. @ http://localhost:56317/:0
[  891497ms] [LOG] [Fast Refresh] rebuilding @ webpack-internal:///(app-pages-browser)/./node_modules/next/dist/next-devtools/shared/forward-logs-shared.js:27
[  891671ms] [LOG] [Fast Refresh] rebuilding @ webpack-internal:///(app-pages-browser)/./node_modules/next/dist/next-devtools/shared/forward-logs-shared.js:27
[  891680ms] [LOG] [Fast Refresh] done in 9ms @ webpack-internal:///(app-pages-browser)/./node_modules/next/dist/next-devtools/shared/forward-logs-shared.js:27
[  892332ms] [LOG] [Fast Refresh] rebuilding @ webpack-internal:///(app-pages-browser)/./node_modules/next/dist/next-devtools/shared/forward-logs-shared.js:27
[  892352ms] [LOG] [Fast Refresh] done in 20ms @ webpack-internal:///(app-pages-browser)/./node_modules/next/dist/next-devtools/shared/forward-logs-shared.js:27
[  892633ms] [LOG] [Fast Refresh] rebuilding @ webpack-internal:///(app-pages-browser)/./node_modules/next/dist/next-devtools/shared/forward-logs-shared.js:27
[  892654ms] [LOG] [Fast Refresh] done in 20ms @ webpack-internal:///(app-pages-browser)/./node_modules/next/dist/next-devtools/shared/forward-logs-shared.js:27
[  893052ms] [LOG] [Fast Refresh] done in 418ms @ webpack-internal:///(app-pages-browser)/./node_modules/next/dist/next-devtools/shared/forward-logs-shared.js:27
[  896075ms] [WARNING] The resource http://localhost:56317/_next/static/media/26d0ba92e140f0dc-s.p.woff2?v=1785983317564 was preloaded using link preload but not used within a few seconds from the window's load event. Please make sure it has an appropriate `as` value and it is preloaded intentionally. @ http://localhost:56317/:0
[  896076ms] [WARNING] The resource http://localhost:56317/_next/static/media/7d4881bb7e1bf84d-s.p.woff2?v=1785983317564 was preloaded using link preload but not used within a few seconds from the window's load event. Please make sure it has an appropriate `as` value and it is preloaded intentionally. @ http://localhost:56317/:0
[  908530ms] [LOG] [Fast Refresh] rebuilding @ webpack-internal:///(app-pages-browser)/./node_modules/next/dist/next-devtools/shared/forward-logs-shared.js:27
[  908747ms] [LOG] [Fast Refresh] done in 216ms @ webpack-internal:///(app-pages-browser)/./node_modules/next/dist/next-devtools/shared/forward-logs-shared.js:27
[  911765ms] [WARNING] The resource http://localhost:56317/_next/static/media/26d0ba92e140f0dc-s.p.woff2?v=1785983317564 was preloaded using link preload but not used within a few seconds from the window's load event. Please make sure it has an appropriate `as` value and it is preloaded intentionally. @ http://localhost:56317/:0
[  911765ms] [WARNING] The resource http://localhost:56317/_next/static/media/7d4881bb7e1bf84d-s.p.woff2?v=1785983317564 was preloaded using link preload but not used within a few seconds from the window's load event. Please make sure it has an appropriate `as` value and it is preloaded intentionally. @ http://localhost:56317/:0
[  941866ms] [LOG] [Fast Refresh] rebuilding @ webpack-internal:///(app-pages-browser)/./node_modules/next/dist/next-devtools/shared/forward-logs-shared.js:27
[  942089ms] [LOG] [Fast Refresh] done in 223ms @ webpack-internal:///(app-pages-browser)/./node_modules/next/dist/next-devtools/shared/forward-logs-shared.js:27
[  945180ms] [WARNING] The resource http://localhost:56317/_next/static/media/26d0ba92e140f0dc-s.p.woff2?v=1785983317564 was preloaded using link preload but not used within a few seconds from the window's load event. Please make sure it has an appropriate `as` value and it is preloaded intentionally. @ http://localhost:56317/:0
[  945181ms] [WARNING] The resource http://localhost:56317/_next/static/media/7d4881bb7e1bf84d-s.p.woff2?v=1785983317564 was preloaded using link preload but not used within a few seconds from the window's load event. Please make sure it has an appropriate `as` value and it is preloaded intentionally. @ http://localhost:56317/:0
[ 1025355ms] [LOG] [Fast Refresh] rebuilding @ webpack-internal:///(app-pages-browser)/./node_modules/next/dist/next-devtools/shared/forward-logs-shared.js:27
[ 1025533ms] [LOG] [Fast Refresh] done in 178ms @ webpack-internal:///(app-pages-browser)/./node_modules/next/dist/next-devtools/shared/forward-logs-shared.js:27
[ 1028555ms] [WARNING] The resource http://localhost:56317/_next/static/media/26d0ba92e140f0dc-s.p.woff2?v=1785983317564 was preloaded using link preload but not used within a few seconds from the window's load event. Please make sure it has an appropriate `as` value and it is preloaded intentionally. @ http://localhost:56317/:0
[ 1028555ms] [WARNING] The resource http://localhost:56317/_next/static/media/7d4881bb7e1bf84d-s.p.woff2?v=1785983317564 was preloaded using link preload but not used within a few seconds from the window's load event. Please make sure it has an appropriate `as` value and it is preloaded intentionally. @ http://localhost:56317/:0
[ 1127834ms] [LOG] [Fast Refresh] rebuilding @ webpack-internal:///(app-pages-browser)/./node_modules/next/dist/next-devtools/shared/forward-logs-shared.js:27
[ 1128001ms] [LOG] [Fast Refresh] done in 168ms @ webpack-internal:///(app-pages-browser)/./node_modules/next/dist/next-devtools/shared/forward-logs-shared.js:27
[ 1131023ms] [WARNING] The resource http://localhost:56317/_next/static/media/26d0ba92e140f0dc-s.p.woff2?v=1785983317564 was preloaded using link preload but not used within a few seconds from the window's load event. Please make sure it has an appropriate `as` value and it is preloaded intentionally. @ http://localhost:56317/:0
[ 1131023ms] [WARNING] The resource http://localhost:56317/_next/static/media/7d4881bb7e1bf84d-s.p.woff2?v=1785983317564 was preloaded using link preload but not used within a few seconds from the window's load event. Please make sure it has an appropriate `as` value and it is preloaded intentionally. @ http://localhost:56317/:0
[ 1327826ms] [INFO] %cDownload the React DevTools for a better development experience: https://react.dev/link/react-devtools font-weight:bold @ webpack-internal:///(app-pages-browser)/./node_modules/next/dist/next-devtools/shared/forward-logs-shared.js:27
[ 1327866ms] [LOG] [HMR] connected @ webpack-internal:///(app-pages-browser)/./node_modules/next/dist/next-devtools/shared/forward-logs-shared.js:27
[ 1327901ms] [LOG] %cHey, you're inspecting. I like that. font-size:14px;font-weight:600;color:#8ab4ff; @ webpack-internal:///(app-pages-browser)/./node_modules/next/dist/next-devtools/shared/forward-logs-shared.js:27
[ 1327901ms] [LOG] %cThis portfolio is built with Next.js, React 19, and Tailwind v4.
The motion layer uses CSS scroll-driven animations and anime.js.
If you want to talk about how any of it works: ashim238@newschool.edu font-size:12px;color:#c4c4c4; @ webpack-internal:///(app-pages-browser)/./node_modules/next/dist/next-devtools/shared/forward-logs-shared.js:27
[ 1330942ms] [WARNING] The resource http://localhost:56317/_next/static/media/26d0ba92e140f0dc-s.p.woff2?v=1785984644946 was preloaded using link preload but not used within a few seconds from the window's load event. Please make sure it has an appropriate `as` value and it is preloaded intentionally. @ http://localhost:56317/:0
[ 1330942ms] [WARNING] The resource http://localhost:56317/_next/static/media/7d4881bb7e1bf84d-s.p.woff2?v=1785984644946 was preloaded using link preload but not used within a few seconds from the window's load event. Please make sure it has an appropriate `as` value and it is preloaded intentionally. @ http://localhost:56317/:0
[ 1395083ms] [LOG] [Fast Refresh] rebuilding @ webpack-internal:///(app-pages-browser)/./node_modules/next/dist/next-devtools/shared/forward-logs-shared.js:27
[ 1395698ms] [LOG] [Fast Refresh] done in 614ms @ webpack-internal:///(app-pages-browser)/./node_modules/next/dist/next-devtools/shared/forward-logs-shared.js:27
[ 1396500ms] [INFO] %cDownload the React DevTools for a better development experience: https://react.dev/link/react-devtools font-weight:bold @ webpack-internal:///(app-pages-browser)/./node_modules/next/dist/next-devtools/shared/forward-logs-shared.js:27
[ 1396530ms] [LOG] [HMR] connected @ webpack-internal:///(app-pages-browser)/./node_modules/next/dist/next-devtools/shared/forward-logs-shared.js:27
[ 1396557ms] [LOG] %cHey, you're inspecting. I like that. font-size:14px;font-weight:600;color:#8ab4ff; @ webpack-internal:///(app-pages-browser)/./node_modules/next/dist/next-devtools/shared/forward-logs-shared.js:27
[ 1396557ms] [LOG] %cThis portfolio is built with Next.js, React 19, and Tailwind v4.
The motion layer uses CSS scroll-driven animations and anime.js.
If you want to talk about how any of it works: ashim238@newschool.edu font-size:12px;color:#c4c4c4; @ webpack-internal:///(app-pages-browser)/./node_modules/next/dist/next-devtools/shared/forward-logs-shared.js:27
[ 1399595ms] [WARNING] The resource http://localhost:56317/_next/static/media/7d4881bb7e1bf84d-s.p.woff2?v=1785984713663 was preloaded using link preload but not used within a few seconds from the window's load event. Please make sure it has an appropriate `as` value and it is preloaded intentionally. @ http://localhost:56317/:0
[ 1399595ms] [WARNING] The resource http://localhost:56317/_next/static/media/26d0ba92e140f0dc-s.p.woff2?v=1785984713663 was preloaded using link preload but not used within a few seconds from the window's load event. Please make sure it has an appropriate `as` value and it is preloaded intentionally. @ http://localhost:56317/:0
[ 1427341ms] [ERROR] WebSocket connection to 'ws://localhost:56317/_next/webpack-hmr?id=rTW-yMyEI4e8L9M1BjnGe' failed: Error in connection establishment: net::ERR_CONNECTION_REFUSED @ webpack-internal:///(app-pages-browser)/./node_modules/next/dist/client/dev/hot-reloader/app/web-socket.js:59
[ 1428350ms] [ERROR] WebSocket connection to 'ws://localhost:56317/_next/webpack-hmr?id=rTW-yMyEI4e8L9M1BjnGe' failed: Error in connection establishment: net::ERR_CONNECTION_REFUSED @ webpack-internal:///(app-pages-browser)/./node_modules/next/dist/client/dev/hot-reloader/app/web-socket.js:59
[ 1429354ms] [ERROR] WebSocket connection to 'ws://localhost:56317/_next/webpack-hmr?id=rTW-yMyEI4e8L9M1BjnGe' failed: Error in connection establishment: net::ERR_CONNECTION_REFUSED @ webpack-internal:///(app-pages-browser)/./node_modules/next/dist/client/dev/hot-reloader/app/web-socket.js:59
[ 1430356ms] [ERROR] WebSocket connection to 'ws://localhost:56317/_next/webpack-hmr?id=rTW-yMyEI4e8L9M1BjnGe' failed: Error in connection establishment: net::ERR_CONNECTION_REFUSED @ webpack-internal:///(app-pages-browser)/./node_modules/next/dist/client/dev/hot-reloader/app/web-socket.js:59
[ 1431359ms] [ERROR] WebSocket connection to 'ws://localhost:56317/_next/webpack-hmr?id=rTW-yMyEI4e8L9M1BjnGe' failed: Error in connection establishment: net::ERR_CONNECTION_REFUSED @ webpack-internal:///(app-pages-browser)/./node_modules/next/dist/client/dev/hot-reloader/app/web-socket.js:59
[ 1436364ms] [ERROR] WebSocket connection to 'ws://localhost:56317/_next/webpack-hmr?id=rTW-yMyEI4e8L9M1BjnGe' failed: Error in connection establishment: net::ERR_CONNECTION_REFUSED @ webpack-internal:///(app-pages-browser)/./node_modules/next/dist/client/dev/hot-reloader/app/web-socket.js:59
[ 1441370ms] [ERROR] WebSocket connection to 'ws://localhost:56317/_next/webpack-hmr?id=rTW-yMyEI4e8L9M1BjnGe' failed: Error in connection establishment: net::ERR_CONNECTION_REFUSED @ webpack-internal:///(app-pages-browser)/./node_modules/next/dist/client/dev/hot-reloader/app/web-socket.js:59
[ 1446377ms] [ERROR] WebSocket connection to 'ws://localhost:56317/_next/webpack-hmr?id=rTW-yMyEI4e8L9M1BjnGe' failed: Error in connection establishment: net::ERR_CONNECTION_REFUSED @ webpack-internal:///(app-pages-browser)/./node_modules/next/dist/client/dev/hot-reloader/app/web-socket.js:59
[ 1451382ms] [ERROR] WebSocket connection to 'ws://localhost:56317/_next/webpack-hmr?id=rTW-yMyEI4e8L9M1BjnGe' failed: Error in connection establishment: net::ERR_CONNECTION_REFUSED @ webpack-internal:///(app-pages-browser)/./node_modules/next/dist/client/dev/hot-reloader/app/web-socket.js:59
[ 1456389ms] [ERROR] WebSocket connection to 'ws://localhost:56317/_next/webpack-hmr?id=rTW-yMyEI4e8L9M1BjnGe' failed: Error in connection establishment: net::ERR_CONNECTION_REFUSED @ webpack-internal:///(app-pages-browser)/./node_modules/next/dist/client/dev/hot-reloader/app/web-socket.js:59
[ 1461392ms] [ERROR] WebSocket connection to 'ws://localhost:56317/_next/webpack-hmr?id=rTW-yMyEI4e8L9M1BjnGe' failed: Error in connection establishment: net::ERR_CONNECTION_REFUSED @ webpack-internal:///(app-pages-browser)/./node_modules/next/dist/client/dev/hot-reloader/app/web-socket.js:59
[ 1466395ms] [ERROR] WebSocket connection to 'ws://localhost:56317/_next/webpack-hmr?id=rTW-yMyEI4e8L9M1BjnGe' failed: Error in connection establishment: net::ERR_CONNECTION_REFUSED @ webpack-internal:///(app-pages-browser)/./node_modules/next/dist/client/dev/hot-reloader/app/web-socket.js:59
