[     584ms] [INFO] %cDownload the React DevTools for a better development experience: https://react.dev/link/react-devtools font-weight:bold @ webpack-internal:///(app-pages-browser)/./node_modules/next/dist/next-devtools/shared/forward-logs-shared.js:27
[     632ms] [LOG] [HMR] connected @ webpack-internal:///(app-pages-browser)/./node_modules/next/dist/next-devtools/shared/forward-logs-shared.js:27
[     729ms] [LOG] %cHey, you're inspecting. I like that. font-size:14px;font-weight:600;color:#8ab4ff; @ webpack-internal:///(app-pages-browser)/./node_modules/next/dist/next-devtools/shared/forward-logs-shared.js:27
[     729ms] [LOG] %cThis portfolio is built with Next.js, React 19, and Tailwind v4.
The motion layer uses CSS scroll-driven animations and anime.js.
If you want to talk about how any of it works: ashim238@newschool.edu font-size:12px;color:#c4c4c4; @ webpack-internal:///(app-pages-browser)/./node_modules/next/dist/next-devtools/shared/forward-logs-shared.js:27
[    3663ms] [WARNING] The resource http://localhost:56321/_next/static/media/7d4881bb7e1bf84d-s.p.woff2?v=1786024720741 was preloaded using link preload but not used within a few seconds from the window's load event. Please make sure it has an appropriate `as` value and it is preloaded intentionally. @ http://localhost:56321/work/fresh-greens:0
[    3663ms] [WARNING] The resource http://localhost:56321/_next/static/media/e6099e249fd938cc-s.p.woff2?v=1786024720741 was preloaded using link preload but not used within a few seconds from the window's load event. Please make sure it has an appropriate `as` value and it is preloaded intentionally. @ http://localhost:56321/work/fresh-greens:0
[    3663ms] [WARNING] The resource http://localhost:56321/_next/static/media/26d0ba92e140f0dc-s.p.woff2?v=1786024720741 was preloaded using link preload but not used within a few seconds from the window's load event. Please make sure it has an appropriate `as` value and it is preloaded intentionally. @ http://localhost:56321/work/fresh-greens:0
[   30957ms] [WARNING] The resource http://localhost:56321/_next/static/media/7d4881bb7e1bf84d-s.p.woff2?v=1786024720741 was preloaded using link preload but not used within a few seconds from the window's load event. Please make sure it has an appropriate `as` value and it is preloaded intentionally. @ http://localhost:56321/work/fresh-greens:0
[   30957ms] [WARNING] The resource http://localhost:56321/_next/static/media/e6099e249fd938cc-s.p.woff2?v=1786024720741 was preloaded using link preload but not used within a few seconds from the window's load event. Please make sure it has an appropriate `as` value and it is preloaded intentionally. @ http://localhost:56321/work/fresh-greens:0
[   30957ms] [WARNING] The resource http://localhost:56321/_next/static/media/26d0ba92e140f0dc-s.p.woff2?v=1786024720741 was preloaded using link preload but not used within a few seconds from the window's load event. Please make sure it has an appropriate `as` value and it is preloaded intentionally. @ http://localhost:56321/work/fresh-greens:0
[  107422ms] [LOG] [Fast Refresh] rebuilding @ webpack-internal:///(app-pages-browser)/./node_modules/next/dist/next-devtools/shared/forward-logs-shared.js:27
[  107796ms] [LOG] [Fast Refresh] done in 375ms @ webpack-internal:///(app-pages-browser)/./node_modules/next/dist/next-devtools/shared/forward-logs-shared.js:27
[  110914ms] [WARNING] The resource http://localhost:56321/_next/static/media/7d4881bb7e1bf84d-s.p.woff2?v=1786024720741 was preloaded using link preload but not used within a few seconds from the window's load event. Please make sure it has an appropriate `as` value and it is preloaded intentionally. @ http://localhost:56321/work/fresh-greens:0
[  110914ms] [WARNING] The resource http://localhost:56321/_next/static/media/e6099e249fd938cc-s.p.woff2?v=1786024720741 was preloaded using link preload but not used within a few seconds from the window's load event. Please make sure it has an appropriate `as` value and it is preloaded intentionally. @ http://localhost:56321/work/fresh-greens:0
[  110914ms] [WARNING] The resource http://localhost:56321/_next/static/media/26d0ba92e140f0dc-s.p.woff2?v=1786024720741 was preloaded using link preload but not used within a few seconds from the window's load event. Please make sure it has an appropriate `as` value and it is preloaded intentionally. @ http://localhost:56321/work/fresh-greens:0
[  123096ms] [LOG] [Fast Refresh] rebuilding @ webpack-internal:///(app-pages-browser)/./node_modules/next/dist/next-devtools/shared/forward-logs-shared.js:27
[  123378ms] [LOG] [Fast Refresh] done in 283ms @ webpack-internal:///(app-pages-browser)/./node_modules/next/dist/next-devtools/shared/forward-logs-shared.js:27
[  126460ms] [WARNING] The resource http://localhost:56321/_next/static/media/7d4881bb7e1bf84d-s.p.woff2?v=1786024720741 was preloaded using link preload but not used within a few seconds from the window's load event. Please make sure it has an appropriate `as` value and it is preloaded intentionally. @ http://localhost:56321/work/fresh-greens:0
[  126460ms] [WARNING] The resource http://localhost:56321/_next/static/media/e6099e249fd938cc-s.p.woff2?v=1786024720741 was preloaded using link preload but not used within a few seconds from the window's load event. Please make sure it has an appropriate `as` value and it is preloaded intentionally. @ http://localhost:56321/work/fresh-greens:0
[  126460ms] [WARNING] The resource http://localhost:56321/_next/static/media/26d0ba92e140f0dc-s.p.woff2?v=1786024720741 was preloaded using link preload but not used within a few seconds from the window's load event. Please make sure it has an appropriate `as` value and it is preloaded intentionally. @ http://localhost:56321/work/fresh-greens:0
[  141238ms] [LOG] [Fast Refresh] rebuilding @ webpack-internal:///(app-pages-browser)/./node_modules/next/dist/next-devtools/shared/forward-logs-shared.js:27
[  141481ms] [LOG] [Fast Refresh] done in 244ms @ webpack-internal:///(app-pages-browser)/./node_modules/next/dist/next-devtools/shared/forward-logs-shared.js:27
[  144560ms] [WARNING] The resource http://localhost:56321/_next/static/media/7d4881bb7e1bf84d-s.p.woff2?v=1786024720741 was preloaded using link preload but not used within a few seconds from the window's load event. Please make sure it has an appropriate `as` value and it is preloaded intentionally. @ http://localhost:56321/work/fresh-greens:0
[  144560ms] [WARNING] The resource http://localhost:56321/_next/static/media/e6099e249fd938cc-s.p.woff2?v=1786024720741 was preloaded using link preload but not used within a few seconds from the window's load event. Please make sure it has an appropriate `as` value and it is preloaded intentionally. @ http://localhost:56321/work/fresh-greens:0
[  144560ms] [WARNING] The resource http://localhost:56321/_next/static/media/26d0ba92e140f0dc-s.p.woff2?v=1786024720741 was preloaded using link preload but not used within a few seconds from the window's load event. Please make sure it has an appropriate `as` value and it is preloaded intentionally. @ http://localhost:56321/work/fresh-greens:0
[  178157ms] [WARNING] The resource http://localhost:56321/_next/static/media/7d4881bb7e1bf84d-s.p.woff2?v=1786024720741 was preloaded using link preload but not used within a few seconds from the window's load event. Please make sure it has an appropriate `as` value and it is preloaded intentionally. @ http://localhost:56321/work/fresh-greens:0
[  178157ms] [WARNING] The resource http://localhost:56321/_next/static/media/e6099e249fd938cc-s.p.woff2?v=1786024720741 was preloaded using link preload but not used within a few seconds from the window's load event. Please make sure it has an appropriate `as` value and it is preloaded intentionally. @ http://localhost:56321/work/fresh-greens:0
[  178157ms] [WARNING] The resource http://localhost:56321/_next/static/media/26d0ba92e140f0dc-s.p.woff2?v=1786024720741 was preloaded using link preload but not used within a few seconds from the window's load event. Please make sure it has an appropriate `as` value and it is preloaded intentionally. @ http://localhost:56321/work/fresh-greens:0
[  203130ms] [WARNING] The resource http://localhost:56321/_next/static/media/7d4881bb7e1bf84d-s.p.woff2?v=1786024720741 was preloaded using link preload but not used within a few seconds from the window's load event. Please make sure it has an appropriate `as` value and it is preloaded intentionally. @ http://localhost:56321/work/fresh-greens:0
[  203130ms] [WARNING] The resource http://localhost:56321/_next/static/media/e6099e249fd938cc-s.p.woff2?v=1786024720741 was preloaded using link preload but not used within a few seconds from the window's load event. Please make sure it has an appropriate `as` value and it is preloaded intentionally. @ http://localhost:56321/work/fresh-greens:0
[  203130ms] [WARNING] The resource http://localhost:56321/_next/static/media/26d0ba92e140f0dc-s.p.woff2?v=1786024720741 was preloaded using link preload but not used within a few seconds from the window's load event. Please make sure it has an appropriate `as` value and it is preloaded intentionally. @ http://localhost:56321/work/fresh-greens:0
[  230379ms] [LOG] [Fast Refresh] rebuilding @ webpack-internal:///(app-pages-browser)/./node_modules/next/dist/next-devtools/shared/forward-logs-shared.js:27
[  231316ms] [LOG] [Fast Refresh] done in 936ms @ webpack-internal:///(app-pages-browser)/./node_modules/next/dist/next-devtools/shared/forward-logs-shared.js:27
[  234433ms] [WARNING] The resource http://localhost:56321/_next/static/media/7d4881bb7e1bf84d-s.p.woff2?v=1786024720741 was preloaded using link preload but not used within a few seconds from the window's load event. Please make sure it has an appropriate `as` value and it is preloaded intentionally. @ http://localhost:56321/work/fresh-greens:0
[  234433ms] [WARNING] The resource http://localhost:56321/_next/static/media/e6099e249fd938cc-s.p.woff2?v=1786024720741 was preloaded using link preload but not used within a few seconds from the window's load event. Please make sure it has an appropriate `as` value and it is preloaded intentionally. @ http://localhost:56321/work/fresh-greens:0
[  234433ms] [WARNING] The resource http://localhost:56321/_next/static/media/26d0ba92e140f0dc-s.p.woff2?v=1786024720741 was preloaded using link preload but not used within a few seconds from the window's load event. Please make sure it has an appropriate `as` value and it is preloaded intentionally. @ http://localhost:56321/work/fresh-greens:0
[  235795ms] [LOG] [Fast Refresh] rebuilding @ webpack-internal:///(app-pages-browser)/./node_modules/next/dist/next-devtools/shared/forward-logs-shared.js:27
[  236046ms] [LOG] [Fast Refresh] done in 252ms @ webpack-internal:///(app-pages-browser)/./node_modules/next/dist/next-devtools/shared/forward-logs-shared.js:27
[  239157ms] [WARNING] The resource http://localhost:56321/_next/static/media/7d4881bb7e1bf84d-s.p.woff2?v=1786024720741 was preloaded using link preload but not used within a few seconds from the window's load event. Please make sure it has an appropriate `as` value and it is preloaded intentionally. @ http://localhost:56321/work/fresh-greens:0
[  239157ms] [WARNING] The resource http://localhost:56321/_next/static/media/e6099e249fd938cc-s.p.woff2?v=1786024720741 was preloaded using link preload but not used within a few seconds from the window's load event. Please make sure it has an appropriate `as` value and it is preloaded intentionally. @ http://localhost:56321/work/fresh-greens:0
[  239157ms] [WARNING] The resource http://localhost:56321/_next/static/media/26d0ba92e140f0dc-s.p.woff2?v=1786024720741 was preloaded using link preload but not used within a few seconds from the window's load event. Please make sure it has an appropriate `as` value and it is preloaded intentionally. @ http://localhost:56321/work/fresh-greens:0
